// Jest Snapshot v1, https://goo.gl/fbAQLP

exports[`AddMovie AddMovie renders correctly 1`] = `
Object {
  "asFragment": [Function],
  "baseElement": <body>
    <div>
      <div
        class="col-md col container-fluid d-flex justify-content-center align-items-center add-service-container"
      >
        <div
          class="d-flex flex-column m-5 p-5 align-items-center add-service-div"
        >
          <div
            class="d-sm-inline-flex align-items-center my-4"
          >
            <h1
              class="mx-3"
            >
              Service
            </h1>
          </div>
          <form
            class="row g-4 add-service-form"
          >
            <div
              class="col-md-12"
            >
              <input
                class="form-control"
                placeholder="Service Type"
                type="text"
                value=""
              />
            </div>
            <div
              class="input-group col-md-12"
            >
              <span
                class="input-group-text add-price-input"
              >
                $
              </span>
              <input
                class="form-control"
                placeholder="Service Charge"
                type="float"
                value=""
              />
              <span
                class="input-group-text add-price-input"
              >
                .00
              </span>
            </div>
            <div
              class="col-md-12"
            >
              <input
                class="form-control"
                placeholder="Details"
                type="textarea"
                value=""
              />
            </div>
            <div
              class="col-md-12"
            >
              <input
                class="form-control"
                id="inputGroupFile02"
                type="file"
              />
            </div>
            <div
              class="col-md-4 d-flex"
            >
              <input
                class="form-control"
                placeholder="Duration"
                type="number"
                value=""
              />
            </div>
            <div
              class="col-md-12 d-flex justify-content-end g-3"
            >
              <button
                class="col-md-5 btn btn-success add-btn mx-3"
                type="button"
              >
                Add Service
              </button>
              <button
                class="col-md-4 btn btn-outline-danger cancel-add-btn"
                type="button"
              >
                Cancel
              </button>
            </div>
          </form>
        </div>
      </div>
    </div>
  </body>,
  "container": <div>
    <div
      class="col-md col container-fluid d-flex justify-content-center align-items-center add-service-container"
    >
      <div
        class="d-flex flex-column m-5 p-5 align-items-center add-service-div"
      >
        <div
          class="d-sm-inline-flex align-items-center my-4"
        >
          <h1
            class="mx-3"
          >
            Service
          </h1>
        </div>
        <form
          class="row g-4 add-service-form"
        >
          <div
            class="col-md-12"
          >
            <input
              class="form-control"
              placeholder="Service Type"
              type="text"
              value=""
            />
          </div>
          <div
            class="input-group col-md-12"
          >
            <span
              class="input-group-text add-price-input"
            >
              $
            </span>
            <input
              class="form-control"
              placeholder="Service Charge"
              type="float"
              value=""
            />
            <span
              class="input-group-text add-price-input"
            >
              .00
            </span>
          </div>
          <div
            class="col-md-12"
          >
            <input
              class="form-control"
              placeholder="Details"
              type="textarea"
              value=""
            />
          </div>
          <div
            class="col-md-12"
          >
            <input
              class="form-control"
              id="inputGroupFile02"
              type="file"
            />
          </div>
          <div
            class="col-md-4 d-flex"
          >
            <input
              class="form-control"
              placeholder="Duration"
              type="number"
              value=""
            />
          </div>
          <div
            class="col-md-12 d-flex justify-content-end g-3"
          >
            <button
              class="col-md-5 btn btn-success add-btn mx-3"
              type="button"
            >
              Add Service
            </button>
            <button
              class="col-md-4 btn btn-outline-danger cancel-add-btn"
              type="button"
            >
              Cancel
            </button>
          </div>
        </form>
      </div>
    </div>
  </div>,
  "debug": [Function],
  "findAllByAltText": [Function],
  "findAllByDisplayValue": [Function],
  "findAllByLabelText": [Function],
  "findAllByPlaceholderText": [Function],
  "findAllByRole": [Function],
  "findAllByTestId": [Function],
  "findAllByText": [Function],
  "findAllByTitle": [Function],
  "findByAltText": [Function],
  "findByDisplayValue": [Function],
  "findByLabelText": [Function],
  "findByPlaceholderText": [Function],
  "findByRole": [Function],
  "findByTestId": [Function],
  "findByText": [Function],
  "findByTitle": [Function],
  "getAllByAltText": [Function],
  "getAllByDisplayValue": [Function],
  "getAllByLabelText": [Function],
  "getAllByPlaceholderText": [Function],
  "getAllByRole": [Function],
  "getAllByTestId": [Function],
  "getAllByText": [Function],
  "getAllByTitle": [Function],
  "getByAltText": [Function],
  "getByDisplayValue": [Function],
  "getByLabelText": [Function],
  "getByPlaceholderText": [Function],
  "getByRole": [Function],
  "getByTestId": [Function],
  "getByText": [Function],
  "getByTitle": [Function],
  "queryAllByAltText": [Function],
  "queryAllByDisplayValue": [Function],
  "queryAllByLabelText": [Function],
  "queryAllByPlaceholderText": [Function],
  "queryAllByRole": [Function],
  "queryAllByTestId": [Function],
  "queryAllByText": [Function],
  "queryAllByTitle": [Function],
  "queryByAltText": [Function],
  "queryByDisplayValue": [Function],
  "queryByLabelText": [Function],
  "queryByPlaceholderText": [Function],
  "queryByRole": [Function],
  "queryByTestId": [Function],
  "queryByText": [Function],
  "queryByTitle": [Function],
  "rerender": [Function],
  "unmount": [Function],
}
`;
