// Jest Snapshot v1, https://goo.gl/fbAQLP

exports[`DeleteMovieCard DeleteMovieCard renders correctly 1`] = `
Object {
  "asFragment": [Function],
  "baseElement": <body>
    <div>
      <div
        class="col-md-12 d-flex flex-column flex-md-row p-2 justify-content-between align-items-center delete-card rounded"
      >
        <div
          class="d-flex flex-wrap align-items-center m-1"
        >
          <img
            alt="service"
            class="img-thumbnail rounded m-2 delete-img"
          />
          <h4 />
        </div>
        <div
          class="px-2"
        >
          <button
            class="btn btn-danger delete-btn"
            type="button"
          >
            Delete
          </button>
        </div>
      </div>
    </div>
  </body>,
  "container": <div>
    <div
      class="col-md-12 d-flex flex-column flex-md-row p-2 justify-content-between align-items-center delete-card rounded"
    >
      <div
        class="d-flex flex-wrap align-items-center m-1"
      >
        <img
          alt="service"
          class="img-thumbnail rounded m-2 delete-img"
        />
        <h4 />
      </div>
      <div
        class="px-2"
      >
        <button
          class="btn btn-danger delete-btn"
          type="button"
        >
          Delete
        </button>
      </div>
    </div>
  </div>,
  "debug": [Function],
  "findAllByAltText": [Function],
  "findAllByDisplayValue": [Function],
  "findAllByLabelText": [Function],
  "findAllByPlaceholderText": [Function],
  "findAllByRole": [Function],
  "findAllByTestId": [Function],
  "findAllByText": [Function],
  "findAllByTitle": [Function],
  "findByAltText": [Function],
  "findByDisplayValue": [Function],
  "findByLabelText": [Function],
  "findByPlaceholderText": [Function],
  "findByRole": [Function],
  "findByTestId": [Function],
  "findByText": [Function],
  "findByTitle": [Function],
  "getAllByAltText": [Function],
  "getAllByDisplayValue": [Function],
  "getAllByLabelText": [Function],
  "getAllByPlaceholderText": [Function],
  "getAllByRole": [Function],
  "getAllByTestId": [Function],
  "getAllByText": [Function],
  "getAllByTitle": [Function],
  "getByAltText": [Function],
  "getByDisplayValue": [Function],
  "getByLabelText": [Function],
  "getByPlaceholderText": [Function],
  "getByRole": [Function],
  "getByTestId": [Function],
  "getByText": [Function],
  "getByTitle": [Function],
  "queryAllByAltText": [Function],
  "queryAllByDisplayValue": [Function],
  "queryAllByLabelText": [Function],
  "queryAllByPlaceholderText": [Function],
  "queryAllByRole": [Function],
  "queryAllByTestId": [Function],
  "queryAllByText": [Function],
  "queryAllByTitle": [Function],
  "queryByAltText": [Function],
  "queryByDisplayValue": [Function],
  "queryByLabelText": [Function],
  "queryByPlaceholderText": [Function],
  "queryByRole": [Function],
  "queryByTestId": [Function],
  "queryByText": [Function],
  "queryByTitle": [Function],
  "rerender": [Function],
  "unmount": [Function],
}
`;
