// Jest Snapshot v1, https://goo.gl/fbAQLP

exports[`SignIn SignIn renders correctly 1`] = `
Object {
  "asFragment": [Function],
  "baseElement": <body>
    <div>
      <div
        class="col-md col-sm-12 col-xs-12 container-main d-flex flex-row align-items-center login p-0"
      >
        <div
          class="col-md-12 d-flex flex-column align-items-center session-overlay justify-content-center"
        >
          <div
            class="input-box col-md d-flex flex-column align-items-center justify-content-center"
          >
            <div
              class="intro"
            >
              <span
                class="line"
              />
              <h4
                class="intro__title"
              >
                Welcome to HandyMate
              </h4>
              <p
                class="intro__text"
              >
                Login to get started!
              </p>
            </div>
            <form
              class="sign-form"
            >
              <div
                class="input-field"
              >
                <input
                  class="sign-form__input"
                  placeholder="Email"
                  type="email"
                  value=""
                />
              </div>
              <div
                class="input-field"
              >
                <input
                  class="sign-form__input"
                  placeholder="Password"
                  type="password"
                  value=""
                />
              </div>
              <button
                class="btn btn-primary rounded-pill px-4 py-2 text-light"
                type="submit"
              >
                Login
              </button>
            </form>
            <div
              class="sign-in mt-4"
            >
              <p>
                Do not have an account? 
                <a
                  class="session-link-btn"
                  href="/signup"
                >
                  Sign Up
                </a>
              </p>
            </div>
          </div>
        </div>
      </div>
    </div>
  </body>,
  "container": <div>
    <div
      class="col-md col-sm-12 col-xs-12 container-main d-flex flex-row align-items-center login p-0"
    >
      <div
        class="col-md-12 d-flex flex-column align-items-center session-overlay justify-content-center"
      >
        <div
          class="input-box col-md d-flex flex-column align-items-center justify-content-center"
        >
          <div
            class="intro"
          >
            <span
              class="line"
            />
            <h4
              class="intro__title"
            >
              Welcome to HandyMate
            </h4>
            <p
              class="intro__text"
            >
              Login to get started!
            </p>
          </div>
          <form
            class="sign-form"
          >
            <div
              class="input-field"
            >
              <input
                class="sign-form__input"
                placeholder="Email"
                type="email"
                value=""
              />
            </div>
            <div
              class="input-field"
            >
              <input
                class="sign-form__input"
                placeholder="Password"
                type="password"
                value=""
              />
            </div>
            <button
              class="btn btn-primary rounded-pill px-4 py-2 text-light"
              type="submit"
            >
              Login
            </button>
          </form>
          <div
            class="sign-in mt-4"
          >
            <p>
              Do not have an account? 
              <a
                class="session-link-btn"
                href="/signup"
              >
                Sign Up
              </a>
            </p>
          </div>
        </div>
      </div>
    </div>
  </div>,
  "debug": [Function],
  "findAllByAltText": [Function],
  "findAllByDisplayValue": [Function],
  "findAllByLabelText": [Function],
  "findAllByPlaceholderText": [Function],
  "findAllByRole": [Function],
  "findAllByTestId": [Function],
  "findAllByText": [Function],
  "findAllByTitle": [Function],
  "findByAltText": [Function],
  "findByDisplayValue": [Function],
  "findByLabelText": [Function],
  "findByPlaceholderText": [Function],
  "findByRole": [Function],
  "findByTestId": [Function],
  "findByText": [Function],
  "findByTitle": [Function],
  "getAllByAltText": [Function],
  "getAllByDisplayValue": [Function],
  "getAllByLabelText": [Function],
  "getAllByPlaceholderText": [Function],
  "getAllByRole": [Function],
  "getAllByTestId": [Function],
  "getAllByText": [Function],
  "getAllByTitle": [Function],
  "getByAltText": [Function],
  "getByDisplayValue": [Function],
  "getByLabelText": [Function],
  "getByPlaceholderText": [Function],
  "getByRole": [Function],
  "getByTestId": [Function],
  "getByText": [Function],
  "getByTitle": [Function],
  "queryAllByAltText": [Function],
  "queryAllByDisplayValue": [Function],
  "queryAllByLabelText": [Function],
  "queryAllByPlaceholderText": [Function],
  "queryAllByRole": [Function],
  "queryAllByTestId": [Function],
  "queryAllByText": [Function],
  "queryAllByTitle": [Function],
  "queryByAltText": [Function],
  "queryByDisplayValue": [Function],
  "queryByLabelText": [Function],
  "queryByPlaceholderText": [Function],
  "queryByRole": [Function],
  "queryByTestId": [Function],
  "queryByText": [Function],
  "queryByTitle": [Function],
  "rerender": [Function],
  "unmount": [Function],
}
`;
